../Core/Src/ch395cmd.c:32:6:ch395_cmd_reset	8	static
../Core/Src/ch395cmd.c:43:6:ch395_cmd_sleep	8	static
../Core/Src/ch395cmd.c:54:9:ch395_cmd_get_ver	16	static
../Core/Src/ch395cmd.c:68:9:ch395_cmd_check_exist	24	static
../Core/Src/ch395cmd.c:84:6:ch395_cmd_set_phy	16	static
../Core/Src/ch395cmd.c:96:9:ch395_cmd_get_phy_status	16	static
../Core/Src/ch395cmd.c:111:9:ch395_cmd_get_glob_int_status	16	static
../Core/Src/ch395cmd.c:126:9:ch395_cmd_init	16	static
../Core/Src/ch395cmd.c:158:6:ch395_cmd_set_uart_baud_rate	24	static
../Core/Src/ch395cmd.c:173:9:ch395_get_cmd_status	16	static
../Core/Src/ch395cmd.c:188:6:ch395_cmd_set_ipaddr	24	static
../Core/Src/ch395cmd.c:207:6:ch395_cmd_set_gw_ipaddr	24	static
../Core/Src/ch395cmd.c:226:6:ch395_cmd_set_maskaddr	24	static
../Core/Src/ch395cmd.c:245:6:ch395_cmd_set_macaddr	24	static
../Core/Src/ch395cmd.c:265:6:ch395_cmd_get_macaddr	32	static
../Core/Src/ch395cmd.c:286:6:ch395_cmd_set_macfilt	24	static
../Core/Src/ch395cmd.c:311:6:ch395_cmd_get_unreachippt	32	static
../Core/Src/ch395cmd.c:331:6:ch395_cmd_get_remoteipp	32	static
../Core/Src/ch395cmd.c:352:6:ch395_set_socket_desip	16	static
../Core/Src/ch395cmd.c:369:6:ch395_set_socket_prot_type	16	static
../Core/Src/ch395cmd.c:383:6:ch395_set_socket_desport	16	static
../Core/Src/ch395cmd.c:398:6:ch395_set_socket_sourport	16	static
../Core/Src/ch395cmd.c:413:6:ch395_set_socket_ipraw_proto	16	static
../Core/Src/ch395cmd.c:428:6:ch395_enable_ping	16	static
../Core/Src/ch395cmd.c:442:6:ch395_send_data	24	static
../Core/Src/ch395cmd.c:464:10:ch395_get_recv_length	24	static
../Core/Src/ch395cmd.c:481:6:ch395_clear_recv_buf	16	static
../Core/Src/ch395cmd.c:495:6:ch395_get_recv_data	24	static
../Core/Src/ch395cmd.c:521:6:ch395_cmd_set_retry_count	16	static
../Core/Src/ch395cmd.c:533:6:ch395_cmd_set_retry_period	16	static
../Core/Src/ch395cmd.c:546:6:ch395_cmd_get_socket_status	24	static
../Core/Src/ch395cmd.c:560:10:ch395_open_socket	24	static
../Core/Src/ch395cmd.c:592:10:ch395_close_socket	24	static
../Core/Src/ch395cmd.c:624:9:ch395_tcp_connect	24	static
../Core/Src/ch395cmd.c:656:9:ch395_tcp_listen	24	static
../Core/Src/ch395cmd.c:688:9:ch395_tcp_disconnect	24	static
../Core/Src/ch395cmd.c:720:9:ch395_get_socket_int	24	static
../Core/Src/ch395cmd.c:736:9:ch395_crcret_6bit	40	static
../Core/Src/ch395cmd.c:766:10:ch395_dhcp_enable	24	static
../Core/Src/ch395cmd.c:798:9:ch395_get_dhcp_status	16	static
../Core/Src/ch395cmd.c:812:6:ch395_get_ipinf	32	static
../Core/Src/ch395cmd.c:831:6:ch395_write_gpio_addr	16	static
../Core/Src/ch395cmd.c:843:9:ch395_read_gpio_addr	24	static
../Core/Src/ch395cmd.c:858:9:ch395_eeprom_erase	16	static
../Core/Src/ch395cmd.c:886:9:ch395_eeprom_write	24	static
../Core/Src/ch395cmd.c:919:6:ch395_eeprom_read	24	static
../Core/Src/ch395cmd.c:938:6:ch395_set_tcpmss	16	static
../Core/Src/ch395cmd.c:952:6:ch395_set_socket_recv_buf	16	static
../Core/Src/ch395cmd.c:967:6:ch395_set_socket_send_buf	16	static
../Core/Src/ch395cmd.c:984:6:ch395_udp_send_data	24	static
../Core/Src/ch395cmd.c:996:6:ch395_set_start_para	16	static
../Core/Src/ch395cmd.c:1010:10:ch395_cmd_get_glob_int_status_all	16	static
../Core/Src/ch395cmd.c:1027:6:ch395_set_keeplive	16	static
../Core/Src/ch395cmd.c:1039:6:ch395_keeplive_cnt	16	static
../Core/Src/ch395cmd.c:1050:6:ch395_keeplive_idle	16	static
../Core/Src/ch395cmd.c:1064:6:ch395_keeplive_intvl	16	static
../Core/Src/ch395cmd.c:1079:6:ch395_setttl_num	16	static
