../Core/Src/w25qxx.c:13:6:W25QXX_Init	16	static
../Core/Src/w25qxx.c:53:9:W25QXX_ReadSR	24	static
../Core/Src/w25qxx.c:78:6:W25QXX_Write_SR	24	static
../Core/Src/w25qxx.c:103:6:W25QXX_Write_Enable	8	static
../Core/Src/w25qxx.c:111:6:W25QXX_Write_Disable	8	static
../Core/Src/w25qxx.c:126:10:W25QXX_ReadID	16	static
../Core/Src/w25qxx.c:144:6:W25QXX_Read	40	static
../Core/Src/w25qxx.c:167:6:W25QXX_Write_Page	32	static
../Core/Src/w25qxx.c:192:6:W25QXX_Write_NoCheck	32	static
../Core/Src/w25qxx.c:219:6:W25QXX_Write	40	static
../Core/Src/w25qxx.c:265:6:W25QXX_Erase_Chip	8	static
../Core/Src/w25qxx.c:277:6:W25QXX_Erase_Sector	16	static
../Core/Src/w25qxx.c:297:6:W25QXX_Wait_Busy	8	static
../Core/Src/w25qxx.c:302:6:W25QXX_PowerDown	8	static
../Core/Src/w25qxx.c:310:6:W25QXX_WAKEUP	8	static
